// Jest Snapshot v1, https://goo.gl/fbAQLP

exports[`View component renders correctly with default props 1`] = `<View />`;
